indx: 3
proc: printVars
exec: local
cpus: 2
penv: mpi
time: 1d
memory: 1 GB
