barcode: gamma
seq_ids: [two, one, three]
bam : bam1 bam2 bam3
bai : bai1 bai2 bai3
